// Jest Snapshot v1, https://goo.gl/fbAQLP

exports[`shall match snapshot 1`] = `
<Route>
  <Component />
</Route>
`;
